// Jest Snapshot v1, https://goo.gl/fbAQLP

exports[`invoice decode invoices should decode mainnet invoices 1`] = `
{
  "expiry": 1685911606,
  "preimageHash": "b1af53163661975881f67834b8a43a426e8e400687652d7f1934068afc5bf0c6",
  "satoshis": 67845,
}
`;

exports[`invoice decode invoices should decode regtest invoices 1`] = `
{
  "expiry": 1685911344,
  "preimageHash": "ddf060440814fde28a0fc3d53ec557ccf1f12e94e23ba3db16d2ed3239e4a141",
  "satoshis": 62321,
}
`;

exports[`invoice decode invoices should decode testnet invoices 1`] = `
{
  "expiry": 1686429947,
  "preimageHash": "f283423d61fafcf599d1a58440c329aed0a0b834e3f322dcc75c33a4a87860e5",
  "satoshis": 457345,
}
`;
